--- Testing User Creation with Temporary ID ---
Success creating user: Test Assistant User ff339a41-5980-449e-9455-c69b21e8dba7

--- Testing User Update (Existing ID) ---
Success updating user: Test Assistant User [ 'dashboard', 'settings', 'inventory' ]
